running shard 1/3: 472 samples
processed 1/472
processed 2/472
processed 3/472
processed 4/472
processed 5/472
processed 6/472
processed 7/472
processed 8/472
processed 9/472
processed 10/472
processed 11/472
processed 12/472
processed 13/472
processed 14/472
processed 15/472
processed 16/472
processed 17/472
processed 18/472
processed 19/472
processed 20/472
processed 21/472
processed 22/472
processed 23/472
processed 24/472
processed 25/472
processed 26/472
processed 27/472
processed 28/472
processed 29/472
processed 30/472
processed 31/472
processed 32/472
processed 33/472
processed 34/472
processed 35/472
processed 36/472
processed 37/472
processed 38/472
processed 39/472
processed 40/472
processed 41/472
processed 42/472
processed 43/472
processed 44/472
processed 45/472
processed 46/472
processed 47/472
processed 48/472
processed 49/472
processed 50/472
processed 51/472
processed 52/472
processed 53/472
processed 54/472
processed 55/472
processed 56/472
processed 57/472
processed 58/472
processed 59/472
processed 60/472
processed 61/472
processed 62/472
processed 63/472
processed 64/472
processed 65/472
processed 66/472
processed 67/472
processed 68/472
processed 69/472
processed 70/472
processed 71/472
processed 72/472
processed 73/472
processed 74/472
processed 75/472
processed 76/472
processed 77/472
processed 78/472
processed 79/472
processed 80/472
processed 81/472
processed 82/472
processed 83/472
processed 84/472
processed 85/472
processed 86/472
processed 87/472
processed 88/472
processed 89/472
processed 90/472
processed 91/472
processed 92/472
processed 93/472
processed 94/472
processed 95/472
processed 96/472
processed 97/472
processed 98/472
processed 99/472
processed 100/472
processed 101/472
processed 102/472
processed 103/472
processed 104/472
processed 105/472
processed 106/472
processed 107/472
processed 108/472
processed 109/472
processed 110/472
processed 111/472
processed 112/472
processed 113/472
processed 114/472
processed 115/472
processed 116/472
processed 117/472
processed 118/472
processed 119/472
processed 120/472
processed 121/472
processed 122/472
processed 123/472
processed 124/472
processed 125/472
processed 126/472
processed 127/472
processed 128/472
processed 129/472
processed 130/472
processed 131/472
processed 132/472
processed 133/472
processed 134/472
processed 135/472
processed 136/472
processed 137/472
processed 138/472
processed 139/472
processed 140/472
processed 141/472
processed 142/472
processed 143/472
processed 144/472
processed 145/472
processed 146/472
processed 147/472
processed 148/472
processed 149/472
processed 150/472
processed 151/472
processed 152/472
processed 153/472
processed 154/472
processed 155/472
processed 156/472
processed 157/472
processed 158/472
processed 159/472
processed 160/472
processed 161/472
processed 162/472
processed 163/472
processed 164/472
processed 165/472
processed 166/472
processed 167/472
processed 168/472
processed 169/472
processed 170/472
processed 171/472
processed 172/472
processed 173/472
processed 174/472
processed 175/472
processed 176/472
processed 177/472
processed 178/472
processed 179/472
processed 180/472
processed 181/472
processed 182/472
processed 183/472
processed 184/472
processed 185/472
processed 186/472
processed 187/472
processed 188/472
processed 189/472
processed 190/472
processed 191/472
processed 192/472
processed 193/472
processed 194/472
processed 195/472
processed 196/472
processed 197/472
processed 198/472
processed 199/472
processed 200/472
processed 201/472
processed 202/472
processed 203/472
processed 204/472
processed 205/472
processed 206/472
processed 207/472
processed 208/472
processed 209/472
processed 210/472
processed 211/472
processed 212/472
processed 213/472
processed 214/472
processed 215/472
processed 216/472
processed 217/472
processed 218/472
processed 219/472
processed 220/472
processed 221/472
processed 222/472
processed 223/472
processed 224/472
processed 225/472
processed 226/472
processed 227/472
processed 228/472
processed 229/472
processed 230/472
processed 231/472
processed 232/472
processed 233/472
processed 234/472
processed 235/472
processed 236/472
processed 237/472
processed 238/472
processed 239/472
processed 240/472
processed 241/472
processed 242/472
processed 243/472
processed 244/472
processed 245/472
processed 246/472
processed 247/472
processed 248/472
processed 249/472
processed 250/472
processed 251/472
processed 252/472
processed 253/472
processed 254/472
processed 255/472
processed 256/472
processed 257/472
processed 258/472
processed 259/472
processed 260/472
processed 261/472
processed 262/472
processed 263/472
processed 264/472
processed 265/472
processed 266/472
processed 267/472
processed 268/472
processed 269/472
processed 270/472
processed 271/472
processed 272/472
processed 273/472
processed 274/472
processed 275/472
processed 276/472
processed 277/472
processed 278/472
processed 279/472
processed 280/472
processed 281/472
processed 282/472
processed 283/472
processed 284/472
processed 285/472
processed 286/472
processed 287/472
processed 288/472
processed 289/472
processed 290/472
processed 291/472
processed 292/472
processed 293/472
processed 294/472
processed 295/472
processed 296/472
processed 297/472
processed 298/472
processed 299/472
processed 300/472
processed 301/472
processed 302/472
processed 303/472
processed 304/472
processed 305/472
processed 306/472
processed 307/472
processed 308/472
processed 309/472
processed 310/472
processed 311/472
processed 312/472
processed 313/472
processed 314/472
processed 315/472
processed 316/472
processed 317/472
processed 318/472
processed 319/472
processed 320/472
processed 321/472
processed 322/472
processed 323/472
processed 324/472
processed 325/472
processed 326/472
processed 327/472
processed 328/472
processed 329/472
processed 330/472
processed 331/472
processed 332/472
processed 333/472
processed 334/472
processed 335/472
processed 336/472
processed 337/472
processed 338/472
processed 339/472
processed 340/472
processed 341/472
processed 342/472
processed 343/472
processed 344/472
processed 345/472
processed 346/472
processed 347/472
processed 348/472
processed 349/472
processed 350/472
processed 351/472
processed 352/472
processed 353/472
processed 354/472
processed 355/472
processed 356/472
processed 357/472
processed 358/472
processed 359/472
processed 360/472
processed 361/472
processed 362/472
processed 363/472
processed 364/472
processed 365/472
processed 366/472
processed 367/472
processed 368/472
processed 369/472
processed 370/472
processed 371/472
processed 372/472
processed 373/472
processed 374/472
processed 375/472
processed 376/472
processed 377/472
processed 378/472
processed 379/472
processed 380/472
processed 381/472
processed 382/472
processed 383/472
processed 384/472
processed 385/472
processed 386/472
processed 387/472
processed 388/472
processed 389/472
processed 390/472
processed 391/472
processed 392/472
processed 393/472
processed 394/472
processed 395/472
processed 396/472
processed 397/472
processed 398/472
processed 399/472
processed 400/472
processed 401/472
processed 402/472
processed 403/472
processed 404/472
processed 405/472
processed 406/472
processed 407/472
processed 408/472
processed 409/472
processed 410/472
processed 411/472
processed 412/472
processed 413/472
processed 414/472
processed 415/472
processed 416/472
processed 417/472
processed 418/472
processed 419/472
processed 420/472
processed 421/472
processed 422/472
processed 423/472
processed 424/472
processed 425/472
processed 426/472
processed 427/472
processed 428/472
processed 429/472
processed 430/472
processed 431/472
processed 432/472
processed 433/472
processed 434/472
processed 435/472
processed 436/472
processed 437/472
processed 438/472
processed 439/472
processed 440/472
processed 441/472
processed 442/472
processed 443/472
processed 444/472
processed 445/472
processed 446/472
processed 447/472
processed 448/472
processed 449/472
processed 450/472
processed 451/472
processed 452/472
processed 453/472
processed 454/472
processed 455/472
processed 456/472
processed 457/472
processed 458/472
processed 459/472
processed 460/472
processed 461/472
processed 462/472
processed 463/472
processed 464/472
processed 465/472
processed 466/472
processed 467/472
processed 468/472
processed 469/472
processed 470/472
processed 471/472
processed 472/472
{
  "aop_mae_deg": 28.698955681364414,
  "checkpoint": "/home/hy/twostage/checkpoints_direct_unetpp_13168_pretrained_hammer/best_val.pth",
  "cos_mae": 0.5735723637675835,
  "cos_sin_vector_error": 0.8614662229004553,
  "dolp_mae": 0.0576406056298164,
  "dolp_rmse": 0.09233240668772388,
  "dop_mae": 0.0576406056298164,
  "dop_rmse": 0.09233240668772388,
  "high_dolp_aolp_error_deg": 22.836372522984522,
  "high_dop_aop_mae_deg": 22.836372522984522,
  "model_type": "direct_unetpp_13168_pretrained_hammer_finetuned",
  "num_shards": 3,
  "output_resized_to_gt_count": 0,
  "resize_output_to_gt": true,
  "root_dir": "/home/hy/Documents/HAMMER_twostage/test",
  "samples": 472,
  "shard_index": 0,
  "sin_mae": 0.532307848776296,
  "weighted_aolp_error_deg": 24.306401087065876,
  "weighted_aop_mae_deg": 24.306401087065876
}
