running shard 3/3: 471 samples
processed 1/471
processed 2/471
processed 3/471
processed 4/471
processed 5/471
processed 6/471
processed 7/471
processed 8/471
processed 9/471
processed 10/471
processed 11/471
processed 12/471
processed 13/471
processed 14/471
processed 15/471
processed 16/471
processed 17/471
processed 18/471
processed 19/471
processed 20/471
processed 21/471
processed 22/471
processed 23/471
processed 24/471
processed 25/471
processed 26/471
processed 27/471
processed 28/471
processed 29/471
processed 30/471
processed 31/471
processed 32/471
processed 33/471
processed 34/471
processed 35/471
processed 36/471
processed 37/471
processed 38/471
processed 39/471
processed 40/471
processed 41/471
processed 42/471
processed 43/471
processed 44/471
processed 45/471
processed 46/471
processed 47/471
processed 48/471
processed 49/471
processed 50/471
processed 51/471
processed 52/471
processed 53/471
processed 54/471
processed 55/471
processed 56/471
processed 57/471
processed 58/471
processed 59/471
processed 60/471
processed 61/471
processed 62/471
processed 63/471
processed 64/471
processed 65/471
processed 66/471
processed 67/471
processed 68/471
processed 69/471
processed 70/471
processed 71/471
processed 72/471
processed 73/471
processed 74/471
processed 75/471
processed 76/471
processed 77/471
processed 78/471
processed 79/471
processed 80/471
processed 81/471
processed 82/471
processed 83/471
processed 84/471
processed 85/471
processed 86/471
processed 87/471
processed 88/471
processed 89/471
processed 90/471
processed 91/471
processed 92/471
processed 93/471
processed 94/471
processed 95/471
processed 96/471
processed 97/471
processed 98/471
processed 99/471
processed 100/471
processed 101/471
processed 102/471
processed 103/471
processed 104/471
processed 105/471
processed 106/471
processed 107/471
processed 108/471
processed 109/471
processed 110/471
processed 111/471
processed 112/471
processed 113/471
processed 114/471
processed 115/471
processed 116/471
processed 117/471
processed 118/471
processed 119/471
processed 120/471
processed 121/471
processed 122/471
processed 123/471
processed 124/471
processed 125/471
processed 126/471
processed 127/471
processed 128/471
processed 129/471
processed 130/471
processed 131/471
processed 132/471
processed 133/471
processed 134/471
processed 135/471
processed 136/471
processed 137/471
processed 138/471
processed 139/471
processed 140/471
processed 141/471
processed 142/471
processed 143/471
processed 144/471
processed 145/471
processed 146/471
processed 147/471
processed 148/471
processed 149/471
processed 150/471
processed 151/471
processed 152/471
processed 153/471
processed 154/471
processed 155/471
processed 156/471
processed 157/471
processed 158/471
processed 159/471
processed 160/471
processed 161/471
processed 162/471
processed 163/471
processed 164/471
processed 165/471
processed 166/471
processed 167/471
processed 168/471
processed 169/471
processed 170/471
processed 171/471
processed 172/471
processed 173/471
processed 174/471
processed 175/471
processed 176/471
processed 177/471
processed 178/471
processed 179/471
processed 180/471
processed 181/471
processed 182/471
processed 183/471
processed 184/471
processed 185/471
processed 186/471
processed 187/471
processed 188/471
processed 189/471
processed 190/471
processed 191/471
processed 192/471
processed 193/471
processed 194/471
processed 195/471
processed 196/471
processed 197/471
processed 198/471
processed 199/471
processed 200/471
processed 201/471
processed 202/471
processed 203/471
processed 204/471
processed 205/471
processed 206/471
processed 207/471
processed 208/471
processed 209/471
processed 210/471
processed 211/471
processed 212/471
processed 213/471
processed 214/471
processed 215/471
processed 216/471
processed 217/471
processed 218/471
processed 219/471
processed 220/471
processed 221/471
processed 222/471
processed 223/471
processed 224/471
processed 225/471
processed 226/471
processed 227/471
processed 228/471
processed 229/471
processed 230/471
processed 231/471
processed 232/471
processed 233/471
processed 234/471
processed 235/471
processed 236/471
processed 237/471
processed 238/471
processed 239/471
processed 240/471
processed 241/471
processed 242/471
processed 243/471
processed 244/471
processed 245/471
processed 246/471
processed 247/471
processed 248/471
processed 249/471
processed 250/471
processed 251/471
processed 252/471
processed 253/471
processed 254/471
processed 255/471
processed 256/471
processed 257/471
processed 258/471
processed 259/471
processed 260/471
processed 261/471
processed 262/471
processed 263/471
processed 264/471
processed 265/471
processed 266/471
processed 267/471
processed 268/471
processed 269/471
processed 270/471
processed 271/471
processed 272/471
processed 273/471
processed 274/471
processed 275/471
processed 276/471
processed 277/471
processed 278/471
processed 279/471
processed 280/471
processed 281/471
processed 282/471
processed 283/471
processed 284/471
processed 285/471
processed 286/471
processed 287/471
processed 288/471
processed 289/471
processed 290/471
processed 291/471
processed 292/471
processed 293/471
processed 294/471
processed 295/471
processed 296/471
processed 297/471
processed 298/471
processed 299/471
processed 300/471
processed 301/471
processed 302/471
processed 303/471
processed 304/471
processed 305/471
processed 306/471
processed 307/471
processed 308/471
processed 309/471
processed 310/471
processed 311/471
processed 312/471
processed 313/471
processed 314/471
processed 315/471
processed 316/471
processed 317/471
processed 318/471
processed 319/471
processed 320/471
processed 321/471
processed 322/471
processed 323/471
processed 324/471
processed 325/471
processed 326/471
processed 327/471
processed 328/471
processed 329/471
processed 330/471
processed 331/471
processed 332/471
processed 333/471
processed 334/471
processed 335/471
processed 336/471
processed 337/471
processed 338/471
processed 339/471
processed 340/471
processed 341/471
processed 342/471
processed 343/471
processed 344/471
processed 345/471
processed 346/471
processed 347/471
processed 348/471
processed 349/471
processed 350/471
processed 351/471
processed 352/471
processed 353/471
processed 354/471
processed 355/471
processed 356/471
processed 357/471
processed 358/471
processed 359/471
processed 360/471
processed 361/471
processed 362/471
processed 363/471
processed 364/471
processed 365/471
processed 366/471
processed 367/471
processed 368/471
processed 369/471
processed 370/471
processed 371/471
processed 372/471
processed 373/471
processed 374/471
processed 375/471
processed 376/471
processed 377/471
processed 378/471
processed 379/471
processed 380/471
processed 381/471
processed 382/471
processed 383/471
processed 384/471
processed 385/471
processed 386/471
processed 387/471
processed 388/471
processed 389/471
processed 390/471
processed 391/471
processed 392/471
processed 393/471
processed 394/471
processed 395/471
processed 396/471
processed 397/471
processed 398/471
processed 399/471
processed 400/471
processed 401/471
processed 402/471
processed 403/471
processed 404/471
processed 405/471
processed 406/471
processed 407/471
processed 408/471
processed 409/471
processed 410/471
processed 411/471
processed 412/471
processed 413/471
processed 414/471
processed 415/471
processed 416/471
processed 417/471
processed 418/471
processed 419/471
processed 420/471
processed 421/471
processed 422/471
processed 423/471
processed 424/471
processed 425/471
processed 426/471
processed 427/471
processed 428/471
processed 429/471
processed 430/471
processed 431/471
processed 432/471
processed 433/471
processed 434/471
processed 435/471
processed 436/471
processed 437/471
processed 438/471
processed 439/471
processed 440/471
processed 441/471
processed 442/471
processed 443/471
processed 444/471
processed 445/471
processed 446/471
processed 447/471
processed 448/471
processed 449/471
processed 450/471
processed 451/471
processed 452/471
processed 453/471
processed 454/471
processed 455/471
processed 456/471
processed 457/471
processed 458/471
processed 459/471
processed 460/471
processed 461/471
processed 462/471
processed 463/471
processed 464/471
processed 465/471
processed 466/471
processed 467/471
processed 468/471
processed 469/471
processed 470/471
processed 471/471
{
  "aop_mae_deg": 28.715756989335304,
  "checkpoint": "/home/hy/twostage/checkpoints_direct_unetpp_13168_pretrained_hammer/best_val.pth",
  "cos_mae": 0.5738810603279471,
  "cos_sin_vector_error": 0.8619171672059726,
  "dolp_mae": 0.05770094659487913,
  "dolp_rmse": 0.09247948066380879,
  "dop_mae": 0.05770094659487913,
  "dop_rmse": 0.09247948066380879,
  "high_dolp_aolp_error_deg": 22.868110413763933,
  "high_dop_aop_mae_deg": 22.868110413763933,
  "model_type": "direct_unetpp_13168_pretrained_hammer_finetuned",
  "num_shards": 3,
  "output_resized_to_gt_count": 0,
  "resize_output_to_gt": true,
  "root_dir": "/home/hy/Documents/HAMMER_twostage/test",
  "samples": 471,
  "shard_index": 2,
  "sin_mae": 0.5325731123835165,
  "weighted_aolp_error_deg": 24.334626305128612,
  "weighted_aop_mae_deg": 24.334626305128612
}
